Copyright 1986-2022 Xilinx, Inc. All Rights Reserved. Copyright 2022-2025 Advanced Micro Devices, Inc. All Rights Reserved.
---------------------------------------------------------------------------------------------------------------------------------------------
| Tool Version : Vivado v.2025.2 (win64) Build 6299465 Fri Nov 14 19:35:11 GMT 2025
| Date         : Sat Nov 29 14:14:19 2025
| Host         : LAPTOP-FSIINQTT running 64-bit major release  (build 9200)
| Command      : report_control_sets -verbose -file PmodOLEDCtrl_control_sets_placed.rpt
| Design       : PmodOLEDCtrl
| Device       : xc7a100t
---------------------------------------------------------------------------------------------------------------------------------------------

Control Set Information

Table of Contents
-----------------
1. Summary
2. Histogram
3. Flip-Flop Distribution
4. Detailed Control Set Information

1. Summary
----------

+----------------------------------------------------------+-------+
|                          Status                          | Count |
+----------------------------------------------------------+-------+
| Total control sets                                       |    29 |
|    Minimum number of control sets                        |    29 |
|    Addition due to synthesis replication                 |     0 |
|    Addition due to physical synthesis replication        |     0 |
| Unused register locations in slices containing registers |    91 |
+----------------------------------------------------------+-------+
* Control sets can be merged at opt_design using control_set_merge or merge_equivalent_drivers
** Run report_qor_suggestions for automated merging and remapping suggestions


2. Histogram
------------

+--------------------+-------+
|       Fanout       | Count |
+--------------------+-------+
| Total control sets |    29 |
| >= 0 to < 4        |     2 |
| >= 4 to < 6        |     8 |
| >= 6 to < 8        |     3 |
| >= 8 to < 10       |     5 |
| >= 10 to < 12      |     1 |
| >= 12 to < 14      |     3 |
| >= 14 to < 16      |     0 |
| >= 16              |     7 |
+--------------------+-------+
* Control sets can be remapped at either synth_design or opt_design


3. Flip-Flop Distribution
-------------------------

+--------------+-----------------------+------------------------+-----------------+--------------+
| Clock Enable | Synchronous Set/Reset | Asynchronous Set/Reset | Total Registers | Total Slices |
+--------------+-----------------------+------------------------+-----------------+--------------+
| No           | No                    | No                     |               8 |            5 |
| No           | No                    | Yes                    |               8 |            5 |
| No           | Yes                   | No                     |              57 |           17 |
| Yes          | No                    | No                     |             135 |           51 |
| Yes          | No                    | Yes                    |              96 |           31 |
| Yes          | Yes                   | No                     |             117 |           40 |
+--------------+-----------------------+------------------------+-----------------+--------------+


4. Detailed Control Set Information
-----------------------------------

+----------------+----------------------------------------+----------------------------------------------+------------------+----------------+--------------+
|  Clock Signal  |              Enable Signal             |               Set/Reset Signal               | Slice Load Count | Bel Load Count | Bels / Slice |
+----------------+----------------------------------------+----------------------------------------------+------------------+----------------+--------------+
|  CLK_IBUF_BUFG | Init/temp_vbat2_out                    |                                              |                1 |              1 |         1.00 |
|  CLK_IBUF_BUFG | Init/temp_vdd1_out                     |                                              |                1 |              1 |         1.00 |
|  CLK_IBUF_BUFG | Example/temp_index                     | RST_IBUF                                     |                1 |              4 |         4.00 |
|  CLK_IBUF_BUFG | Example/E[0]                           | RST_IBUF                                     |                1 |              4 |         4.00 |
|  CLK_IBUF_BUFG | Example/after_page_state[94]_i_1_n_0   | Example/after_page_state[33]_i_1_n_0         |                2 |              4 |         2.00 |
|  CLK_IBUF_BUFG | Example/after_state[110]_i_1_n_0       | Example/after_state[60]_i_1_n_0              |                3 |              4 |         1.33 |
|  CLK_IBUF_BUFG |                                        | Example/SPI_COMP/counter[0]                  |                1 |              5 |         5.00 |
|  CLK_IBUF_BUFG |                                        | Init/SPI_COMP/counter[0]                     |                1 |              5 |         5.00 |
|  CLK_IBUF_BUFG | Example/SPI_COMP/temp_sdo              | Example/SPI_COMP/SR[0]                       |                2 |              5 |         2.50 |
|  CLK_IBUF_BUFG | Init/SPI_COMP/temp_sdo                 | Init/SPI_COMP/shift_counter[3]_i_1__0_n_0    |                2 |              5 |         2.50 |
|  CLK_IBUF_BUFG | Example/after_update_state[29]_i_1_n_0 |                                              |                3 |              6 |         2.00 |
|  CLK_IBUF_BUFG | Example/temp_char                      | RST_IBUF                                     |                6 |              7 |         1.17 |
|  CLK_IBUF_BUFG | Init/after_state[94]_i_1_n_0           | Init/after_state[60]_i_1__0_n_0              |                4 |              7 |         1.75 |
|  CLK_IBUF_BUFG |                                        |                                              |                5 |              8 |         1.60 |
|  CLK_IBUF_BUFG | Example/SPI_COMP/shift_register[0]     |                                              |                1 |              8 |         8.00 |
|  CLK_IBUF_BUFG | Example/temp_spi_data                  | RST_IBUF                                     |                2 |              8 |         4.00 |
|  CLK_IBUF_BUFG | Init/temp_spi_data[7]_i_1__0_n_0       |                                              |                4 |              8 |         2.00 |
|  CLK_IBUF_BUFG | Init/SPI_COMP/shift_register[0]        |                                              |                2 |              8 |         4.00 |
|  CLK_IBUF_BUFG | Example/temp_addr                      | RST_IBUF                                     |                4 |             10 |         2.50 |
|  CLK_IBUF_BUFG | Example/DELAY_COMP/ms_counter[0]       | Example/DELAY_COMP/clk_counter[0]            |                3 |             12 |         4.00 |
|  CLK_IBUF_BUFG | Example/after_page_state[94]_i_1_n_0   |                                              |                3 |             12 |         4.00 |
|  CLK_IBUF_BUFG | Init/DELAY_COMP/ms_counter[0]          | Init/DELAY_COMP/clk_counter[0]               |                3 |             12 |         4.00 |
|  CLK_IBUF_BUFG |                                        | Example/DELAY_COMP/clk_counter[0]_i_1__0_n_0 |                5 |             17 |         3.40 |
|  CLK_IBUF_BUFG |                                        | Init/DELAY_COMP/clk_counter[0]_i_1_n_0       |                5 |             17 |         3.40 |
|  CLK_IBUF_BUFG |                                        | RST_IBUF                                     |               10 |             21 |         2.10 |
|  CLK_IBUF_BUFG | Example/after_state[110]_i_1_n_0       |                                              |               15 |             44 |         2.93 |
|  CLK_IBUF_BUFG | Init/after_state[94]_i_1_n_0           |                                              |               21 |             47 |         2.24 |
|  CLK_IBUF_BUFG | Init/SPI_COMP/E[0]                     | RST_IBUF                                     |               20 |             64 |         3.20 |
|  CLK_IBUF_BUFG | Example/SPI_COMP/E[0]                  | RST_IBUF                                     |               18 |             67 |         3.72 |
+----------------+----------------------------------------+----------------------------------------------+------------------+----------------+--------------+


