
*** Running vivado
    with args -log PmodOLEDCtrl.vds -m64 -product Vivado -mode batch -messageDb vivado.pb -notrace -source PmodOLEDCtrl.tcl



****** Vivado v2025.2 (64-bit)
  **** SW Build 6299465 on Fri Nov 14 19:35:11 GMT 2025
  **** IP Build 6300035 on Fri Nov 14 10:48:45 MST 2025
  **** SharedData Build 6298862 on Thu Nov 13 04:50:51 MST 2025
  **** Start of session at: Sat Nov 29 14:12:08 2025
    ** Copyright 1986-2022 Xilinx, Inc. All Rights Reserved.
    ** Copyright 2022-2025 Advanced Micro Devices, Inc. All Rights Reserved.

source PmodOLEDCtrl.tcl -notrace
create_project: Time (s): cpu = 00:00:08 ; elapsed = 00:00:05 . Memory (MB): peak = 562.430 ; gain = 256.875
INFO: [IP_Flow 19-234] Refreshing IP repositories
INFO: [IP_Flow 19-1700] Loaded user IP repository 'c:/Users/NEO/Downloads/vivado-library-master'.
INFO: [IP_Flow 19-2313] Loaded Vivado IP repository 'E:/Xilinx/2025.2/Vivado/data/ip'.
Command: read_checkpoint -auto_incremental -incremental E:/Xilinx/project/oled/oled.srcs/utils_1/imports/synth_1/PmodOLEDCtrl.dcp
INFO: [Vivado 12-5825] Read reference checkpoint from E:/Xilinx/project/oled/oled.srcs/utils_1/imports/synth_1/PmodOLEDCtrl.dcp for incremental synthesis
INFO: [Vivado 12-7989] Please ensure there are no constraint changes
Command: synth_design -top PmodOLEDCtrl -part xc7a100tcsg324-1
Starting synth_design
Attempting to get a license for feature 'Synthesis' and/or device 'xc7a100t'
INFO: [Common 17-349] Got license for feature 'Synthesis' and/or device 'xc7a100t'
INFO: [Device 21-403] Loading part xc7a100tcsg324-1
INFO: [Designutils 20-5440] No compile time benefit to using incremental synthesis; A full resynthesis will be run
INFO: [Designutils 20-4379] Flow is switching to default flow due to incremental criteria not met. If you would like to alter this behaviour and have the flow terminate instead, please set the following parameter config_implementation {autoIncr.Synth.RejectBehavior Terminate}
INFO: [Synth 8-7079] Multithreading enabled for synth_design using a maximum of 2 processes.
INFO: [Synth 8-7078] Launching helper process for spawning children vivado processes
INFO: [Synth 8-7075] Helper process launched with PID 93728
---------------------------------------------------------------------------------
Starting RTL Elaboration : Time (s): cpu = 00:00:04 ; elapsed = 00:00:04 . Memory (MB): peak = 1331.195 ; gain = 542.867
---------------------------------------------------------------------------------
INFO: [Synth 8-6157] synthesizing module 'PmodOLEDCtrl' [E:/Xilinx/project/oled/oled.srcs/sources_1/new/PmodOLEDCtrl.v:17]
INFO: [Synth 8-6157] synthesizing module 'OledInit' [E:/Xilinx/project/oled/oled.srcs/sources_1/new/OledInit.v:17]
INFO: [Synth 8-6157] synthesizing module 'SpiCtrl' [E:/Xilinx/project/oled/oled.srcs/sources_1/new/SpiCtrl.v:19]
INFO: [Synth 8-6155] done synthesizing module 'SpiCtrl' (0#1) [E:/Xilinx/project/oled/oled.srcs/sources_1/new/SpiCtrl.v:19]
INFO: [Synth 8-6157] synthesizing module 'Delay' [E:/Xilinx/project/oled/oled.srcs/sources_1/new/Delay.v:17]
INFO: [Synth 8-6155] done synthesizing module 'Delay' (0#1) [E:/Xilinx/project/oled/oled.srcs/sources_1/new/Delay.v:17]
INFO: [Synth 8-6155] done synthesizing module 'OledInit' (0#1) [E:/Xilinx/project/oled/oled.srcs/sources_1/new/OledInit.v:17]
INFO: [Synth 8-6157] synthesizing module 'OledEX' [E:/Xilinx/project/oled/oled.srcs/sources_1/new/OledEX.sv:10]
INFO: [Synth 8-6157] synthesizing module 'charLib' [E:/Xilinx/project/oled/oled.srcs/sources_1/new/charLib.v:5]
INFO: [Synth 8-3876] $readmem data file 'charLib.mem' is read successfully [E:/Xilinx/project/oled/oled.srcs/sources_1/new/charLib.v:16]
INFO: [Synth 8-6155] done synthesizing module 'charLib' (0#1) [E:/Xilinx/project/oled/oled.srcs/sources_1/new/charLib.v:5]
INFO: [Synth 8-6155] done synthesizing module 'OledEX' (0#1) [E:/Xilinx/project/oled/oled.srcs/sources_1/new/OledEX.sv:10]
INFO: [Synth 8-6155] done synthesizing module 'PmodOLEDCtrl' (0#1) [E:/Xilinx/project/oled/oled.srcs/sources_1/new/PmodOLEDCtrl.v:17]
WARNING: [Synth 8-7137] Register after_page_state_reg in module OledEX has both Set and reset with same priority. This may cause simulation mismatches. Consider rewriting code  [E:/Xilinx/project/oled/oled.srcs/sources_1/new/OledEX.sv:169]
WARNING: [Synth 8-7137] Register current_screen_reg[0][0] in module OledEX has both Set and reset with same priority. This may cause simulation mismatches. Consider rewriting code  [E:/Xilinx/project/oled/oled.srcs/sources_1/new/OledEX.sv:180]
WARNING: [Synth 8-7137] Register current_screen_reg[0][1] in module OledEX has both Set and reset with same priority. This may cause simulation mismatches. Consider rewriting code  [E:/Xilinx/project/oled/oled.srcs/sources_1/new/OledEX.sv:180]
WARNING: [Synth 8-7137] Register current_screen_reg[0][2] in module OledEX has both Set and reset with same priority. This may cause simulation mismatches. Consider rewriting code  [E:/Xilinx/project/oled/oled.srcs/sources_1/new/OledEX.sv:180]
WARNING: [Synth 8-7137] Register current_screen_reg[0][3] in module OledEX has both Set and reset with same priority. This may cause simulation mismatches. Consider rewriting code  [E:/Xilinx/project/oled/oled.srcs/sources_1/new/OledEX.sv:180]
WARNING: [Synth 8-7137] Register current_screen_reg[0][4] in module OledEX has both Set and reset with same priority. This may cause simulation mismatches. Consider rewriting code  [E:/Xilinx/project/oled/oled.srcs/sources_1/new/OledEX.sv:180]
WARNING: [Synth 8-7137] Register current_screen_reg[0][5] in module OledEX has both Set and reset with same priority. This may cause simulation mismatches. Consider rewriting code  [E:/Xilinx/project/oled/oled.srcs/sources_1/new/OledEX.sv:180]
WARNING: [Synth 8-7137] Register current_screen_reg[0][6] in module OledEX has both Set and reset with same priority. This may cause simulation mismatches. Consider rewriting code  [E:/Xilinx/project/oled/oled.srcs/sources_1/new/OledEX.sv:180]
WARNING: [Synth 8-7137] Register current_screen_reg[0][7] in module OledEX has both Set and reset with same priority. This may cause simulation mismatches. Consider rewriting code  [E:/Xilinx/project/oled/oled.srcs/sources_1/new/OledEX.sv:180]
WARNING: [Synth 8-7137] Register current_screen_reg[0][8] in module OledEX has both Set and reset with same priority. This may cause simulation mismatches. Consider rewriting code  [E:/Xilinx/project/oled/oled.srcs/sources_1/new/OledEX.sv:180]
WARNING: [Synth 8-7137] Register current_screen_reg[0][9] in module OledEX has both Set and reset with same priority. This may cause simulation mismatches. Consider rewriting code  [E:/Xilinx/project/oled/oled.srcs/sources_1/new/OledEX.sv:180]
WARNING: [Synth 8-7137] Register current_screen_reg[0][10] in module OledEX has both Set and reset with same priority. This may cause simulation mismatches. Consider rewriting code  [E:/Xilinx/project/oled/oled.srcs/sources_1/new/OledEX.sv:180]
WARNING: [Synth 8-7137] Register current_screen_reg[0][11] in module OledEX has both Set and reset with same priority. This may cause simulation mismatches. Consider rewriting code  [E:/Xilinx/project/oled/oled.srcs/sources_1/new/OledEX.sv:180]
WARNING: [Synth 8-7137] Register current_screen_reg[0][12] in module OledEX has both Set and reset with same priority. This may cause simulation mismatches. Consider rewriting code  [E:/Xilinx/project/oled/oled.srcs/sources_1/new/OledEX.sv:180]
WARNING: [Synth 8-7137] Register current_screen_reg[0][13] in module OledEX has both Set and reset with same priority. This may cause simulation mismatches. Consider rewriting code  [E:/Xilinx/project/oled/oled.srcs/sources_1/new/OledEX.sv:180]
WARNING: [Synth 8-7137] Register current_screen_reg[0][14] in module OledEX has both Set and reset with same priority. This may cause simulation mismatches. Consider rewriting code  [E:/Xilinx/project/oled/oled.srcs/sources_1/new/OledEX.sv:180]
WARNING: [Synth 8-7137] Register current_screen_reg[0][15] in module OledEX has both Set and reset with same priority. This may cause simulation mismatches. Consider rewriting code  [E:/Xilinx/project/oled/oled.srcs/sources_1/new/OledEX.sv:180]
WARNING: [Synth 8-7137] Register current_screen_reg[1][0] in module OledEX has both Set and reset with same priority. This may cause simulation mismatches. Consider rewriting code  [E:/Xilinx/project/oled/oled.srcs/sources_1/new/OledEX.sv:180]
WARNING: [Synth 8-7137] Register current_screen_reg[1][1] in module OledEX has both Set and reset with same priority. This may cause simulation mismatches. Consider rewriting code  [E:/Xilinx/project/oled/oled.srcs/sources_1/new/OledEX.sv:180]
WARNING: [Synth 8-7137] Register current_screen_reg[1][2] in module OledEX has both Set and reset with same priority. This may cause simulation mismatches. Consider rewriting code  [E:/Xilinx/project/oled/oled.srcs/sources_1/new/OledEX.sv:180]
WARNING: [Synth 8-7137] Register current_screen_reg[1][3] in module OledEX has both Set and reset with same priority. This may cause simulation mismatches. Consider rewriting code  [E:/Xilinx/project/oled/oled.srcs/sources_1/new/OledEX.sv:180]
WARNING: [Synth 8-7137] Register current_screen_reg[1][4] in module OledEX has both Set and reset with same priority. This may cause simulation mismatches. Consider rewriting code  [E:/Xilinx/project/oled/oled.srcs/sources_1/new/OledEX.sv:180]
WARNING: [Synth 8-7137] Register current_screen_reg[1][5] in module OledEX has both Set and reset with same priority. This may cause simulation mismatches. Consider rewriting code  [E:/Xilinx/project/oled/oled.srcs/sources_1/new/OledEX.sv:180]
WARNING: [Synth 8-7137] Register current_screen_reg[1][6] in module OledEX has both Set and reset with same priority. This may cause simulation mismatches. Consider rewriting code  [E:/Xilinx/project/oled/oled.srcs/sources_1/new/OledEX.sv:180]
WARNING: [Synth 8-7137] Register current_screen_reg[1][7] in module OledEX has both Set and reset with same priority. This may cause simulation mismatches. Consider rewriting code  [E:/Xilinx/project/oled/oled.srcs/sources_1/new/OledEX.sv:180]
WARNING: [Synth 8-7137] Register current_screen_reg[1][8] in module OledEX has both Set and reset with same priority. This may cause simulation mismatches. Consider rewriting code  [E:/Xilinx/project/oled/oled.srcs/sources_1/new/OledEX.sv:180]
WARNING: [Synth 8-7137] Register current_screen_reg[1][9] in module OledEX has both Set and reset with same priority. This may cause simulation mismatches. Consider rewriting code  [E:/Xilinx/project/oled/oled.srcs/sources_1/new/OledEX.sv:180]
WARNING: [Synth 8-7137] Register current_screen_reg[1][10] in module OledEX has both Set and reset with same priority. This may cause simulation mismatches. Consider rewriting code  [E:/Xilinx/project/oled/oled.srcs/sources_1/new/OledEX.sv:180]
WARNING: [Synth 8-7137] Register current_screen_reg[1][11] in module OledEX has both Set and reset with same priority. This may cause simulation mismatches. Consider rewriting code  [E:/Xilinx/project/oled/oled.srcs/sources_1/new/OledEX.sv:180]
WARNING: [Synth 8-7137] Register current_screen_reg[1][12] in module OledEX has both Set and reset with same priority. This may cause simulation mismatches. Consider rewriting code  [E:/Xilinx/project/oled/oled.srcs/sources_1/new/OledEX.sv:180]
WARNING: [Synth 8-7137] Register current_screen_reg[1][13] in module OledEX has both Set and reset with same priority. This may cause simulation mismatches. Consider rewriting code  [E:/Xilinx/project/oled/oled.srcs/sources_1/new/OledEX.sv:180]
WARNING: [Synth 8-7137] Register current_screen_reg[1][14] in module OledEX has both Set and reset with same priority. This may cause simulation mismatches. Consider rewriting code  [E:/Xilinx/project/oled/oled.srcs/sources_1/new/OledEX.sv:180]
WARNING: [Synth 8-7137] Register current_screen_reg[1][15] in module OledEX has both Set and reset with same priority. This may cause simulation mismatches. Consider rewriting code  [E:/Xilinx/project/oled/oled.srcs/sources_1/new/OledEX.sv:180]
WARNING: [Synth 8-7137] Register current_screen_reg[2][0] in module OledEX has both Set and reset with same priority. This may cause simulation mismatches. Consider rewriting code  [E:/Xilinx/project/oled/oled.srcs/sources_1/new/OledEX.sv:180]
WARNING: [Synth 8-7137] Register current_screen_reg[2][1] in module OledEX has both Set and reset with same priority. This may cause simulation mismatches. Consider rewriting code  [E:/Xilinx/project/oled/oled.srcs/sources_1/new/OledEX.sv:180]
WARNING: [Synth 8-7137] Register current_screen_reg[2][2] in module OledEX has both Set and reset with same priority. This may cause simulation mismatches. Consider rewriting code  [E:/Xilinx/project/oled/oled.srcs/sources_1/new/OledEX.sv:180]
WARNING: [Synth 8-7137] Register current_screen_reg[2][3] in module OledEX has both Set and reset with same priority. This may cause simulation mismatches. Consider rewriting code  [E:/Xilinx/project/oled/oled.srcs/sources_1/new/OledEX.sv:180]
WARNING: [Synth 8-7137] Register current_screen_reg[2][4] in module OledEX has both Set and reset with same priority. This may cause simulation mismatches. Consider rewriting code  [E:/Xilinx/project/oled/oled.srcs/sources_1/new/OledEX.sv:180]
WARNING: [Synth 8-7137] Register current_screen_reg[2][5] in module OledEX has both Set and reset with same priority. This may cause simulation mismatches. Consider rewriting code  [E:/Xilinx/project/oled/oled.srcs/sources_1/new/OledEX.sv:180]
WARNING: [Synth 8-7137] Register current_screen_reg[2][6] in module OledEX has both Set and reset with same priority. This may cause simulation mismatches. Consider rewriting code  [E:/Xilinx/project/oled/oled.srcs/sources_1/new/OledEX.sv:180]
WARNING: [Synth 8-7137] Register current_screen_reg[2][7] in module OledEX has both Set and reset with same priority. This may cause simulation mismatches. Consider rewriting code  [E:/Xilinx/project/oled/oled.srcs/sources_1/new/OledEX.sv:180]
WARNING: [Synth 8-7137] Register current_screen_reg[2][8] in module OledEX has both Set and reset with same priority. This may cause simulation mismatches. Consider rewriting code  [E:/Xilinx/project/oled/oled.srcs/sources_1/new/OledEX.sv:180]
WARNING: [Synth 8-7137] Register current_screen_reg[2][9] in module OledEX has both Set and reset with same priority. This may cause simulation mismatches. Consider rewriting code  [E:/Xilinx/project/oled/oled.srcs/sources_1/new/OledEX.sv:180]
WARNING: [Synth 8-7137] Register current_screen_reg[2][10] in module OledEX has both Set and reset with same priority. This may cause simulation mismatches. Consider rewriting code  [E:/Xilinx/project/oled/oled.srcs/sources_1/new/OledEX.sv:180]
WARNING: [Synth 8-7137] Register current_screen_reg[2][11] in module OledEX has both Set and reset with same priority. This may cause simulation mismatches. Consider rewriting code  [E:/Xilinx/project/oled/oled.srcs/sources_1/new/OledEX.sv:180]
WARNING: [Synth 8-7137] Register current_screen_reg[2][12] in module OledEX has both Set and reset with same priority. This may cause simulation mismatches. Consider rewriting code  [E:/Xilinx/project/oled/oled.srcs/sources_1/new/OledEX.sv:180]
WARNING: [Synth 8-7137] Register current_screen_reg[2][13] in module OledEX has both Set and reset with same priority. This may cause simulation mismatches. Consider rewriting code  [E:/Xilinx/project/oled/oled.srcs/sources_1/new/OledEX.sv:180]
WARNING: [Synth 8-7137] Register current_screen_reg[2][14] in module OledEX has both Set and reset with same priority. This may cause simulation mismatches. Consider rewriting code  [E:/Xilinx/project/oled/oled.srcs/sources_1/new/OledEX.sv:180]
WARNING: [Synth 8-7137] Register current_screen_reg[2][15] in module OledEX has both Set and reset with same priority. This may cause simulation mismatches. Consider rewriting code  [E:/Xilinx/project/oled/oled.srcs/sources_1/new/OledEX.sv:180]
WARNING: [Synth 8-7137] Register current_screen_reg[3][0] in module OledEX has both Set and reset with same priority. This may cause simulation mismatches. Consider rewriting code  [E:/Xilinx/project/oled/oled.srcs/sources_1/new/OledEX.sv:180]
WARNING: [Synth 8-7137] Register current_screen_reg[3][1] in module OledEX has both Set and reset with same priority. This may cause simulation mismatches. Consider rewriting code  [E:/Xilinx/project/oled/oled.srcs/sources_1/new/OledEX.sv:180]
WARNING: [Synth 8-7137] Register current_screen_reg[3][2] in module OledEX has both Set and reset with same priority. This may cause simulation mismatches. Consider rewriting code  [E:/Xilinx/project/oled/oled.srcs/sources_1/new/OledEX.sv:180]
WARNING: [Synth 8-7137] Register current_screen_reg[3][3] in module OledEX has both Set and reset with same priority. This may cause simulation mismatches. Consider rewriting code  [E:/Xilinx/project/oled/oled.srcs/sources_1/new/OledEX.sv:180]
WARNING: [Synth 8-7137] Register current_screen_reg[3][4] in module OledEX has both Set and reset with same priority. This may cause simulation mismatches. Consider rewriting code  [E:/Xilinx/project/oled/oled.srcs/sources_1/new/OledEX.sv:180]
WARNING: [Synth 8-7137] Register current_screen_reg[3][5] in module OledEX has both Set and reset with same priority. This may cause simulation mismatches. Consider rewriting code  [E:/Xilinx/project/oled/oled.srcs/sources_1/new/OledEX.sv:180]
WARNING: [Synth 8-7137] Register current_screen_reg[3][6] in module OledEX has both Set and reset with same priority. This may cause simulation mismatches. Consider rewriting code  [E:/Xilinx/project/oled/oled.srcs/sources_1/new/OledEX.sv:180]
WARNING: [Synth 8-7137] Register current_screen_reg[3][7] in module OledEX has both Set and reset with same priority. This may cause simulation mismatches. Consider rewriting code  [E:/Xilinx/project/oled/oled.srcs/sources_1/new/OledEX.sv:180]
WARNING: [Synth 8-7137] Register current_screen_reg[3][8] in module OledEX has both Set and reset with same priority. This may cause simulation mismatches. Consider rewriting code  [E:/Xilinx/project/oled/oled.srcs/sources_1/new/OledEX.sv:180]
WARNING: [Synth 8-7137] Register current_screen_reg[3][9] in module OledEX has both Set and reset with same priority. This may cause simulation mismatches. Consider rewriting code  [E:/Xilinx/project/oled/oled.srcs/sources_1/new/OledEX.sv:180]
WARNING: [Synth 8-7137] Register current_screen_reg[3][10] in module OledEX has both Set and reset with same priority. This may cause simulation mismatches. Consider rewriting code  [E:/Xilinx/project/oled/oled.srcs/sources_1/new/OledEX.sv:180]
WARNING: [Synth 8-7137] Register current_screen_reg[3][11] in module OledEX has both Set and reset with same priority. This may cause simulation mismatches. Consider rewriting code  [E:/Xilinx/project/oled/oled.srcs/sources_1/new/OledEX.sv:180]
WARNING: [Synth 8-7137] Register current_screen_reg[3][12] in module OledEX has both Set and reset with same priority. This may cause simulation mismatches. Consider rewriting code  [E:/Xilinx/project/oled/oled.srcs/sources_1/new/OledEX.sv:180]
WARNING: [Synth 8-7137] Register current_screen_reg[3][13] in module OledEX has both Set and reset with same priority. This may cause simulation mismatches. Consider rewriting code  [E:/Xilinx/project/oled/oled.srcs/sources_1/new/OledEX.sv:180]
WARNING: [Synth 8-7137] Register current_screen_reg[3][14] in module OledEX has both Set and reset with same priority. This may cause simulation mismatches. Consider rewriting code  [E:/Xilinx/project/oled/oled.srcs/sources_1/new/OledEX.sv:180]
WARNING: [Synth 8-7137] Register current_screen_reg[3][15] in module OledEX has both Set and reset with same priority. This may cause simulation mismatches. Consider rewriting code  [E:/Xilinx/project/oled/oled.srcs/sources_1/new/OledEX.sv:180]
WARNING: [Synth 8-7137] Register after_update_state_reg in module OledEX has both Set and reset with same priority. This may cause simulation mismatches. Consider rewriting code  [E:/Xilinx/project/oled/oled.srcs/sources_1/new/OledEX.sv:185]
WARNING: [Synth 8-7137] Register after_state_reg in module OledEX has both Set and reset with same priority. This may cause simulation mismatches. Consider rewriting code  [E:/Xilinx/project/oled/oled.srcs/sources_1/new/OledEX.sv:191]
WARNING: [Synth 8-7137] Register after_char_state_reg in module OledEX has both Set and reset with same priority. This may cause simulation mismatches. Consider rewriting code  [E:/Xilinx/project/oled/oled.srcs/sources_1/new/OledEX.sv:248]
WARNING: [Synth 8-7129] Port addra[10] in module charLib is either unconnected or has no load
---------------------------------------------------------------------------------
Finished RTL Elaboration : Time (s): cpu = 00:00:05 ; elapsed = 00:00:06 . Memory (MB): peak = 1474.156 ; gain = 685.828
---------------------------------------------------------------------------------
---------------------------------------------------------------------------------
Start Handling Custom Attributes
---------------------------------------------------------------------------------
---------------------------------------------------------------------------------
Finished Handling Custom Attributes : Time (s): cpu = 00:00:05 ; elapsed = 00:00:06 . Memory (MB): peak = 1474.156 ; gain = 685.828
---------------------------------------------------------------------------------
---------------------------------------------------------------------------------
Finished RTL Optimization Phase 1 : Time (s): cpu = 00:00:05 ; elapsed = 00:00:06 . Memory (MB): peak = 1474.156 ; gain = 685.828
---------------------------------------------------------------------------------
Netlist sorting complete. Time (s): cpu = 00:00:00 ; elapsed = 00:00:00.064 . Memory (MB): peak = 1474.156 ; gain = 0.000
INFO: [Project 1-570] Preparing netlist for logic optimization

Processing XDC Constraints
Initializing timing engine
Parsing XDC File [E:/Xilinx/project/oled/oled.srcs/constrs_1/new/pmodoledctrl.xdc]
Finished Parsing XDC File [E:/Xilinx/project/oled/oled.srcs/constrs_1/new/pmodoledctrl.xdc]
INFO: [Project 1-236] Implementation specific constraints were found while reading constraint file [E:/Xilinx/project/oled/oled.srcs/constrs_1/new/pmodoledctrl.xdc]. These constraints will be ignored for synthesis but will be used in implementation. Impacted constraints are listed in the file [.Xil/PmodOLEDCtrl_propImpl.xdc].
Resolution: To avoid this warning, move constraints listed in [.Xil/PmodOLEDCtrl_propImpl.xdc] to another XDC file and exclude this new file from synthesis with the used_in_synthesis property (File Properties dialog in GUI) and re-run elaboration/synthesis.
Completed Processing XDC Constraints

Netlist sorting complete. Time (s): cpu = 00:00:00 ; elapsed = 00:00:00 . Memory (MB): peak = 1545.797 ; gain = 0.000
INFO: [Project 1-111] Unisim Transformation Summary:
No Unisim elements were transformed.

Constraint Validation Runtime : Time (s): cpu = 00:00:00 ; elapsed = 00:00:00.017 . Memory (MB): peak = 1545.797 ; gain = 0.000
INFO: [Designutils 20-5440] No compile time benefit to using incremental synthesis; A full resynthesis will be run
INFO: [Designutils 20-4379] Flow is switching to default flow due to incremental criteria not met. If you would like to alter this behaviour and have the flow terminate instead, please set the following parameter config_implementation {autoIncr.Synth.RejectBehavior Terminate}
---------------------------------------------------------------------------------
Finished Constraint Validation : Time (s): cpu = 00:00:11 ; elapsed = 00:00:13 . Memory (MB): peak = 1545.797 ; gain = 757.469
---------------------------------------------------------------------------------
---------------------------------------------------------------------------------
Start Loading Part and Timing Information
---------------------------------------------------------------------------------
Loading part: xc7a100tcsg324-1
---------------------------------------------------------------------------------
Finished Loading Part and Timing Information : Time (s): cpu = 00:00:11 ; elapsed = 00:00:13 . Memory (MB): peak = 1545.797 ; gain = 757.469
---------------------------------------------------------------------------------
---------------------------------------------------------------------------------
Start Applying 'set_property' XDC Constraints
---------------------------------------------------------------------------------
---------------------------------------------------------------------------------
Finished applying 'set_property' XDC Constraints : Time (s): cpu = 00:00:11 ; elapsed = 00:00:13 . Memory (MB): peak = 1545.797 ; gain = 757.469
---------------------------------------------------------------------------------
INFO: [Synth 8-802] inferred FSM for state register 'current_state_reg' in module 'SpiCtrl'
INFO: [Synth 8-802] inferred FSM for state register 'current_state_reg' in module 'Delay'
INFO: [Synth 8-802] inferred FSM for state register 'current_state_reg' in module 'PmodOLEDCtrl'
---------------------------------------------------------------------------------------------------
                   State |                     New Encoding |                Previous Encoding 
---------------------------------------------------------------------------------------------------
                  iSTATE |                              000 | 0000000001001001011001000110110001100101
                 iSTATE0 |                              001 | 0000000001010011011001010110111001100100
                 iSTATE1 |                              010 | 0100100001101111011011000110010000110001
                 iSTATE2 |                              011 | 0100100001101111011011000110010000110010
                 iSTATE3 |                              100 | 0100100001101111011011000110010000110011
                 iSTATE4 |                              101 | 0100100001101111011011000110010000110100
                 iSTATE5 |                              110 | 0000000001000100011011110110111001100101
---------------------------------------------------------------------------------------------------
INFO: [Synth 8-3354] encoded FSM with state register 'current_state_reg' using encoding 'sequential' in module 'SpiCtrl'
---------------------------------------------------------------------------------------------------
                   State |                     New Encoding |                Previous Encoding 
---------------------------------------------------------------------------------------------------
                  iSTATE |                              001 | 01001001011001000110110001100101
                 iSTATE0 |                              010 | 01001000011011110110110001100100
                 iSTATE1 |                              100 | 01000100011011110110111001100101
---------------------------------------------------------------------------------------------------
INFO: [Synth 8-3354] encoded FSM with state register 'current_state_reg' using encoding 'one-hot' in module 'Delay'
---------------------------------------------------------------------------------------------------
                   State |                     New Encoding |                Previous Encoding 
---------------------------------------------------------------------------------------------------
                  iSTATE |                             0001 | 000000000000000000000000000000000000000000000000000000000000000000000000000000001001001011001000110110001100101
                 iSTATE0 |                             0010 | 100111101101100011001010110010001001001011011100110100101110100011010010110000101101100011010010111101001100101
                 iSTATE1 |                             0100 | 000000000000000000000000100111101101100011001010110010001000101011110000110000101101101011100000110110001100101
                 iSTATE2 |                             1000 | 000000000000000000000000000000000000000000000000000000000000000000000000000000001000100011011110110111001100101
---------------------------------------------------------------------------------------------------
INFO: [Synth 8-3354] encoded FSM with state register 'current_state_reg' using encoding 'one-hot' in module 'PmodOLEDCtrl'
---------------------------------------------------------------------------------
Finished RTL Optimization Phase 2 : Time (s): cpu = 00:00:26 ; elapsed = 00:00:31 . Memory (MB): peak = 1545.797 ; gain = 757.469
---------------------------------------------------------------------------------
---------------------------------------------------------------------------------
Start RTL Component Statistics 
---------------------------------------------------------------------------------
Detailed RTL Component Info : 
+---Adders : 
	   2 Input    5 Bit       Adders := 2     
	   2 Input    4 Bit       Adders := 3     
	   2 Input    2 Bit       Adders := 1     
+---Registers : 
	              143 Bit    Registers := 1     
	              112 Bit    Registers := 1     
	              104 Bit    Registers := 2     
	               96 Bit    Registers := 1     
	               40 Bit    Registers := 1     
	               12 Bit    Registers := 1     
	               11 Bit    Registers := 1     
	                8 Bit    Registers := 69    
	                5 Bit    Registers := 2     
	                4 Bit    Registers := 3     
	                2 Bit    Registers := 1     
	                1 Bit    Registers := 14    
+---ROMs : 
	                    ROMs := 1     
+---Muxes : 
	   2 Input  143 Bit        Muxes := 1     
	   2 Input  104 Bit        Muxes := 1     
	   2 Input   95 Bit        Muxes := 2     
	   2 Input    8 Bit        Muxes := 2     
	   4 Input    8 Bit        Muxes := 16    
	   2 Input    7 Bit        Muxes := 1     
	   2 Input    4 Bit        Muxes := 1     
	   4 Input    4 Bit        Muxes := 1     
	   7 Input    3 Bit        Muxes := 2     
	   3 Input    1 Bit        Muxes := 4     
	   2 Input    1 Bit        Muxes := 50    
	   7 Input    1 Bit        Muxes := 2     
	   4 Input    1 Bit        Muxes := 1     
---------------------------------------------------------------------------------
Finished RTL Component Statistics 
---------------------------------------------------------------------------------
---------------------------------------------------------------------------------
Start Part Resource Summary
---------------------------------------------------------------------------------
Part Resources:
DSPs: 240 (col length:80)
BRAMs: 270 (col length: RAMB18 80 RAMB36 40)
---------------------------------------------------------------------------------
Finished Part Resource Summary
---------------------------------------------------------------------------------
---------------------------------------------------------------------------------
Start Cross Boundary and Area Optimization
---------------------------------------------------------------------------------
---------------------------------------------------------------------------------
Finished Cross Boundary and Area Optimization : Time (s): cpu = 00:01:03 ; elapsed = 00:01:17 . Memory (MB): peak = 1851.887 ; gain = 1063.559
---------------------------------------------------------------------------------
---------------------------------------------------------------------------------
Start ROM, RAM, DSP, Shift Register and Retiming Reporting
---------------------------------------------------------------------------------

ROM: Preliminary Mapping Report
+------------+-------------------------+---------------+----------------+
|Module Name | RTL Object              | Depth x Width | Implemented As | 
+------------+-------------------------+---------------+----------------+
|OledEX      | CHAR_LIB_COMP/douta_reg | 1024x8        | Block RAM      | 
+------------+-------------------------+---------------+----------------+

---------------------------------------------------------------------------------
Finished ROM, RAM, DSP, Shift Register and Retiming Reporting
---------------------------------------------------------------------------------
---------------------------------------------------------------------------------
Start Applying XDC Timing Constraints
---------------------------------------------------------------------------------
---------------------------------------------------------------------------------
Finished Applying XDC Timing Constraints : Time (s): cpu = 00:01:06 ; elapsed = 00:01:21 . Memory (MB): peak = 1851.887 ; gain = 1063.559
---------------------------------------------------------------------------------
---------------------------------------------------------------------------------
Start Timing Optimization
---------------------------------------------------------------------------------
---------------------------------------------------------------------------------
Finished Timing Optimization : Time (s): cpu = 00:01:07 ; elapsed = 00:01:22 . Memory (MB): peak = 1851.887 ; gain = 1063.559
---------------------------------------------------------------------------------
---------------------------------------------------------------------------------
Start Technology Mapping
---------------------------------------------------------------------------------
INFO: [Synth 8-7052] The timing for the instance Example/CHAR_LIB_COMP/douta_reg (implemented as a Block RAM) might be sub-optimal as no optional output register could be merged into the ram block. Providing additional output register may help in improving timing.
---------------------------------------------------------------------------------
Finished Technology Mapping : Time (s): cpu = 00:01:07 ; elapsed = 00:01:22 . Memory (MB): peak = 1851.887 ; gain = 1063.559
---------------------------------------------------------------------------------
---------------------------------------------------------------------------------
Start IO Insertion
---------------------------------------------------------------------------------
---------------------------------------------------------------------------------
Start Flattening Before IO Insertion
---------------------------------------------------------------------------------
---------------------------------------------------------------------------------
Finished Flattening Before IO Insertion
---------------------------------------------------------------------------------
---------------------------------------------------------------------------------
Start Final Netlist Cleanup
---------------------------------------------------------------------------------
---------------------------------------------------------------------------------
Finished Final Netlist Cleanup
---------------------------------------------------------------------------------
---------------------------------------------------------------------------------
Finished IO Insertion : Time (s): cpu = 00:01:10 ; elapsed = 00:01:25 . Memory (MB): peak = 1930.113 ; gain = 1141.785
---------------------------------------------------------------------------------
---------------------------------------------------------------------------------
Start Renaming Generated Instances
---------------------------------------------------------------------------------
---------------------------------------------------------------------------------
Finished Renaming Generated Instances : Time (s): cpu = 00:01:10 ; elapsed = 00:01:25 . Memory (MB): peak = 1930.113 ; gain = 1141.785
---------------------------------------------------------------------------------
---------------------------------------------------------------------------------
Start Rebuilding User Hierarchy
---------------------------------------------------------------------------------
---------------------------------------------------------------------------------
Finished Rebuilding User Hierarchy : Time (s): cpu = 00:01:10 ; elapsed = 00:01:25 . Memory (MB): peak = 1930.113 ; gain = 1141.785
---------------------------------------------------------------------------------
---------------------------------------------------------------------------------
Start Renaming Generated Ports
---------------------------------------------------------------------------------
---------------------------------------------------------------------------------
Finished Renaming Generated Ports : Time (s): cpu = 00:01:10 ; elapsed = 00:01:25 . Memory (MB): peak = 1930.113 ; gain = 1141.785
---------------------------------------------------------------------------------
---------------------------------------------------------------------------------
Start Handling Custom Attributes
---------------------------------------------------------------------------------
---------------------------------------------------------------------------------
Finished Handling Custom Attributes : Time (s): cpu = 00:01:10 ; elapsed = 00:01:25 . Memory (MB): peak = 1931.172 ; gain = 1142.844
---------------------------------------------------------------------------------
---------------------------------------------------------------------------------
Start Renaming Generated Nets
---------------------------------------------------------------------------------
---------------------------------------------------------------------------------
Finished Renaming Generated Nets : Time (s): cpu = 00:01:10 ; elapsed = 00:01:25 . Memory (MB): peak = 1931.172 ; gain = 1142.844
---------------------------------------------------------------------------------
---------------------------------------------------------------------------------
Start Writing Synthesis Report
---------------------------------------------------------------------------------

Report BlackBoxes: 
+-+--------------+----------+
| |BlackBox name |Instances |
+-+--------------+----------+
+-+--------------+----------+

Report Cell Usage: 
+------+---------+------+
|      |Cell     |Count |
+------+---------+------+
|1     |BUFG     |     1|
|2     |CARRY4   |    28|
|3     |LUT1     |    19|
|4     |LUT2     |   249|
|5     |LUT3     |   165|
|6     |LUT4     |   173|
|7     |LUT5     |   313|
|8     |LUT6     |   823|
|9     |MUXF7    |     9|
|10    |MUXF8    |     1|
|11    |RAMB18E1 |     1|
|12    |FDCE     |    94|
|13    |FDPE     |    10|
|14    |FDRE     |   302|
|15    |FDSE     |    15|
|16    |IBUF     |     2|
|17    |OBUF     |     7|
+------+---------+------+
---------------------------------------------------------------------------------
Finished Writing Synthesis Report : Time (s): cpu = 00:01:10 ; elapsed = 00:01:25 . Memory (MB): peak = 1931.172 ; gain = 1142.844
---------------------------------------------------------------------------------
Synthesis finished with 0 errors, 0 critical warnings and 0 warnings.
Synthesis Optimization Runtime : Time (s): cpu = 00:01:03 ; elapsed = 00:01:23 . Memory (MB): peak = 1931.172 ; gain = 1071.203
Synthesis Optimization Complete : Time (s): cpu = 00:01:10 ; elapsed = 00:01:25 . Memory (MB): peak = 1931.172 ; gain = 1142.844
INFO: [Project 1-571] Translating synthesized netlist
Netlist sorting complete. Time (s): cpu = 00:00:00 ; elapsed = 00:00:00.012 . Memory (MB): peak = 1940.582 ; gain = 0.000
INFO: [Netlist 29-17] Analyzing 39 Unisim elements for replacement
INFO: [Netlist 29-28] Unisim Transformation completed in 0 CPU seconds
INFO: [Project 1-570] Preparing netlist for logic optimization
INFO: [Opt 31-138] Pushed 0 inverter(s) to 0 load pin(s).
Netlist sorting complete. Time (s): cpu = 00:00:00 ; elapsed = 00:00:00 . Memory (MB): peak = 1944.660 ; gain = 0.000
INFO: [Project 1-111] Unisim Transformation Summary:
No Unisim elements were transformed.

Synth Design complete | Checksum: 3a287969
INFO: [Common 17-83] Releasing license: Synthesis
44 Infos, 69 Warnings, 0 Critical Warnings and 0 Errors encountered.
synth_design completed successfully
synth_design: Time (s): cpu = 00:01:13 ; elapsed = 00:01:30 . Memory (MB): peak = 1944.660 ; gain = 1358.988
Write ShapeDB Complete: Time (s): cpu = 00:00:00 ; elapsed = 00:00:00.003 . Memory (MB): peak = 1944.660 ; gain = 0.000
INFO: [Common 17-1381] The checkpoint 'E:/Xilinx/project/oled/oled.runs/synth_1/PmodOLEDCtrl.dcp' has been generated.
INFO: [Vivado 12-24828] Executing command : report_utilization -file PmodOLEDCtrl_utilization_synth.rpt -pb PmodOLEDCtrl_utilization_synth.pb
INFO: [Common 17-206] Exiting Vivado at Sat Nov 29 14:13:47 2025...
